
     | | | | | | |
   _________________
  -|               |-
  -|               |-
  -|               |-
  -|    CYPRESS    |-
  -|               |-
  -|               |-   Warp VHDL Synthesis Compiler: Version 6.3 IR 35
  -|               |-   Copyright (C) 1991-2001 Cypress Semiconductor
   |_______________|
     | | | | | | |

======================================================================
Compiling:  compuertas.vhd
Options:    -yu -e10 -w100 -o2 -ygs -fP -v10 -dc22v10 -ppalc22v10d-25pc -b compuertas.vhd -u P4.hie
======================================================================

vhdlfe V6.3 IR 35:  VHDL parser
Thu May 05 19:33:14 2022

Library 'work' => directory 'lc22v10'
Linking 'C:\Archivos de programa\Cypress\Warp\bin\std.vhd'.
Linking 'C:\Archivos de programa\Cypress\Warp\lib\common\cypress.vhd'.
Linking 'C:\Archivos de programa\Cypress\Warp\lib\common\work\cypress.vif'.
Library 'ieee' => directory 'C:\Archivos de programa\Cypress\Warp\lib\ieee\work'
Linking 'C:\Archivos de programa\Cypress\Warp\lib\ieee\work\stdlogic.vif'.

vhdlfe:  No errors.


tovif V6.3 IR 35:  High-level synthesis
Thu May 05 19:33:16 2022

Linking 'C:\Archivos de programa\Cypress\Warp\bin\std.vhd'.
Linking 'C:\Archivos de programa\Cypress\Warp\lib\common\cypress.vhd'.
Linking 'C:\Archivos de programa\Cypress\Warp\lib\common\work\cypress.vif'.
Linking 'C:\Archivos de programa\Cypress\Warp\lib\ieee\work\stdlogic.vif'.

tovif:  No errors.


topld V6.3 IR 35:  Synthesis and optimization
Thu May 05 19:33:16 2022

Linking 'C:\Archivos de programa\Cypress\Warp\bin\std.vhd'.
Linking 'C:\Archivos de programa\Cypress\Warp\lib\common\cypress.vhd'.
Linking 'C:\Archivos de programa\Cypress\Warp\lib\common\work\cypress.vif'.
Linking 'C:\Archivos de programa\Cypress\Warp\lib\ieee\work\stdlogic.vif'.

----------------------------------------------------------
Detecting unused logic.
----------------------------------------------------------



------------------------------------------------------
Alias Detection
------------------------------------------------------

------------------------------------------------------
Aliased 0 equations, 0 wires.
------------------------------------------------------

----------------------------------------------------------
Circuit simplification
----------------------------------------------------------

----------------------------------------------------------
Circuit simplification results:

	Expanded 0 signals.
	Turned 0 signals into soft nodes.
	Maximum default expansion cost was set at 10.
----------------------------------------------------------
Created 10 PLD nodes.

topld:  No errors.

----------------------------------------------------------------------------
PLD Optimizer Software:       DSGNOPT.EXE    31/03/2000  [v4.02 ] 6.3 IR 35

DESIGN HEADER INFORMATION  (19:33:17)

Input File(s): compuertas.pla
Device       : C22V10
Package      : palc22v10d-25pc
ReportFile   : compuertas.rpt

Program Controls:
    COMMAND LANGUAGE_VHDL 
    COMMAND PROPERTY BUS_HOLD ENABLE 

Signal Requests:
    GROUP USEPOL ALL
    GROUP FAST_SLEW ALL

Completed Successfully  
----------------------------------------------------------------------------
PLD Optimizer Software:       DSGNOPT.EXE    31/03/2000  [v4.02 ] 6.3 IR 35

OPTIMIZATION OPTIONS       (19:33:17)

Messages:
  Information: Optimizing logic using best output polarity for signals:
         ynand yor yxnor yxor

  Information: Selected logic optimization OFF for signals:
         yand ynor



Summary:
                 Error Count = 0      Warning Count = 0

Completed Successfully  
----------------------------------------------------------------------------
PLD Optimizer Software:       MINOPT.EXE     01/NOV/1999  [v4.02 ] 6.3 IR 35

LOGIC MINIMIZATION         ()

Messages:


Summary:
                 Error Count = 0      Warning Count = 0

Completed Successfully
----------------------------------------------------------------------------
PLD Optimizer Software:       DSGNOPT.EXE    31/03/2000  [v4.02 ] 6.3 IR 35

OPTIMIZATION OPTIONS       (19:33:17)

Messages:
  Information: Optimizing Banked Preset/Reset requirements.


Summary:
                 Error Count = 0      Warning Count = 0

Completed Successfully  
----------------------------------------------------------------------------
PLD Compiler Software:        PLA2JED.EXE    31/03/2000  [v4.02 ] 6.3 IR 35

<CYPRESSTAG name="Equations" icon=FILE_RPT_EQUATION>
DESIGN EQUATIONS           (19:33:17)
</CYPRESSTAG>

    yand =
          a(0) * a(1) * a(2) * a(3) 

    /ynand =
          a(0) * a(1) * a(2) * a(3) 

    ynor =
          /a(0) * /a(1) * /a(2) * /a(3) 

    /yor =
          /a(0) * /a(1) * /a(2) * /a(3) 

    yxnor =
          a(0) * a(1) * a(2) * a(3) 
        + /a(0) * /a(1) * /a(2) * /a(3) 
        + /a(0) * /a(1) * a(2) * a(3) 
        + /a(0) * a(1) * /a(2) * a(3) 
        + a(0) * /a(1) * /a(2) * a(3) 
        + /a(0) * a(1) * a(2) * /a(3) 
        + a(0) * /a(1) * a(2) * /a(3) 
        + a(0) * a(1) * /a(2) * /a(3) 

    yxor =
          /a(0) * a(1) * a(2) * a(3) 
        + a(0) * /a(1) * a(2) * a(3) 
        + a(0) * a(1) * /a(2) * a(3) 
        + /a(0) * /a(1) * /a(2) * a(3) 
        + a(0) * a(1) * a(2) * /a(3) 
        + /a(0) * /a(1) * a(2) * /a(3) 
        + /a(0) * a(1) * /a(2) * /a(3) 
        + a(0) * /a(1) * /a(2) * /a(3) 


Completed Successfully  
----------------------------------------------------------------------------
PLD Compiler Software:        PLA2JED.EXE    31/03/2000  [v4.02 ] 6.3 IR 35

DESIGN RULE CHECK          (19:33:17)

Messages:
                 None.


Summary:
                 Error Count = 0      Warning Count = 0

Completed Successfully  
----------------------------------------------------------------------------
PLD Compiler Software:        PLA2JED.EXE    31/03/2000  [v4.02 ] 6.3 IR 35

<CYPRESSTAG name="Pinout" icon=FILE_RPT_PINOUT>
PINOUT INFORMATION   (19:33:17)
</CYPRESSTAG>
Messages:
  Information: Checking for duplicate NODE logic.
                 None.


                                 C22V10
                 __________________________________________
       not used *| 1|                                  |24|* not used       
           a(3) =| 2|                                  |23|* not used            
           a(2) =| 3|                                  |22|* not used             
           a(1) =| 4|                                  |21|* not used           
       	   a(3) =| 5|                                  |20|* not used       
       not used *| 6|                                  |19|* not used       
       not used *| 7|                                  |18|= yxnor    
       not used *| 8|                                  |17|= ynor     
       not used *| 9|                                  |16|= ynand          
       not used *|10|                                  |15|= yxor            
       not used *|11|                                  |14|= yor           
       not used *|12|                                  |13|= yand      
                 __________________________________________


Summary:
                 Error Count = 0      Warning Count = 0

Completed Successfully  
----------------------------------------------------------------------------
PLD Compiler Software:        PLA2JED.EXE    31/03/2000  [v4.02 ] 6.3 IR 35

<CYPRESSTAG name="Utilization" icon=FILE_RPT_UTILIZATION>
RESOURCE UTILIZATION (19:33:17)
</CYPRESSTAG>
  Information: Macrocell Utilization.

                     Description        Used     Max
                 ______________________________________
                 | Dedicated Inputs   |    3  |   11  |
                 | Clock/Inputs       |    1  |    1  |
                 | I/O Macrocells     |    6  |   10  |
                 ______________________________________
                                          10  /   22   = 45  %


  Information: Output Logic Product Term Utilization.

                  Node#  Output Signal Name  Used   Max
                 ________________________________________
                 | 14  |  yxor            |   8  |   8  |
                 | 15  |  yor             |   1  |  10  |
                 | 16  |  ynand           |   1  |  12  |
                 | 17  |  Unused          |   0  |  14  |
                 | 18  |  Unused          |   0  |  16  |
                 | 19  |  Unused          |   0  |  16  |
                 | 20  |  Unused          |   0  |  14  |
                 | 21  |  yand            |   1  |  12  |
                 | 22  |  ynor            |   1  |  10  |
                 | 23  |  yxnor           |   8  |   8  |
                 | 25  |  Unused          |   0  |   1  |
                 ________________________________________
                                             20  / 121   = 16  %


Completed Successfully  
----------------------------------------------------------------------------
PLD Compiler Software:        PLA2JED.EXE    31/03/2000  [v4.02 ] 6.3 IR 35

JEDEC ASSEMBLE             (19:33:17)

Messages:
  Information: Output file 'compuertas.pin' created.
  Information: Output file 'compuertas.jed' created.

  Usercode:    
  Checksum:    8B7E



Summary:
                 Error Count = 0      Warning Count = 0

Completed Successfully at 19:33:17
